<?xml version="1.0" encoding="utf-8"?>
<browserconfig>
    <msapplication>
        <tile>
            <square70x70logo src="/public/path/assets-d7623eb944cd4f7d2cd59efc84d5b410/mstile-70x70.png"/>
            <square150x150logo src="/public/path/assets-d7623eb944cd4f7d2cd59efc84d5b410/mstile-150x150.png"/>
            <wide310x150logo src="/public/path/assets-d7623eb944cd4f7d2cd59efc84d5b410/mstile-310x150.png"/>
            <square310x310logo src="/public/path/assets-d7623eb944cd4f7d2cd59efc84d5b410/mstile-310x310.png"/>
            <TileColor>#fff</TileColor>

        </tile>

    </msapplication>

</browserconfig>
