{
  "version": "1.0",
  "api_version": 1,
  "layout": {
    "logo": "/public/path/assets-d7623eb944cd4f7d2cd59efc84d5b410/yandex-browser-50x50.png",
    "color": "#fff",
    "show_title": true
  }
}